{
  "messages": [
    {
      "content": "Can you help me tell the time in Seattle right now?",
      "role": "user"
    }
  ],
  "stream": false,
  "model": "gpt-3.5-turbo"
}